// Jest Snapshot v1, https://goo.gl/fbAQLP

exports[`CartListItems Should render correctly 1`] = `
<div
  style={
    Object {
      "textAlign": "left",
    }
  }
>
  <Row
    key="itemId1"
  >
    <Col
      className="d-none d-md-block"
    >
      <ProductImage
        available={true}
        name="Test product_124"
      />
    </Col>
    <Col>
      <a
        href="details/10"
      >
        Test product
         
        <span
          className="d-none d-md-block"
        >
          - 
          Test brand name
        </span>
      </a>
    </Col>
    <Col>
      124
       sek
    </Col>
    <Col
      className="d-none d-md-block"
    >
      <div
        key="color"
      >
        <span
          style={
            Object {
              "textTransform": "capitalize",
            }
          }
        >
          color
          : 
        </span>
        <b>
          red
        </b>
      </div>
    </Col>
    <Col>
      <InputGroup>
        <FormControl
          aria-label="Quantity"
          isInvalid={false}
          max={0}
          min={1}
          onChange={[Function]}
          type="number"
        />
        <Feedback
          type="invalid"
        >
          max 
          0
           items
        </Feedback>
      </InputGroup>
    </Col>
    <Col
      style={
        Object {
          "flex": "0 0 90px",
        }
      }
    >
      <Button
        active={false}
        disabled={false}
        onClick={[Function]}
        style={
          Object {
            "margin": "0 4px",
          }
        }
        variant="danger"
      >
        Remove
      </Button>
    </Col>
  </Row>
</div>
`;
